[2025-12-05T12:24:07.685+0000] {local_task_job_runner.py:120} INFO - ::group::Pre task execution logs
[2025-12-05T12:24:08.959+0000] {taskinstance.py:2076} INFO - Dependencies all met for dep_context=non-requeueable deps ti=<TaskInstance: mongo_iceberg_dremio_dag.configure_dremio_source manual__2025-12-05T12:22:38.803331+00:00 [queued]>
[2025-12-05T12:24:09.114+0000] {taskinstance.py:2076} INFO - Dependencies all met for dep_context=requeueable deps ti=<TaskInstance: mongo_iceberg_dremio_dag.configure_dremio_source manual__2025-12-05T12:22:38.803331+00:00 [queued]>
[2025-12-05T12:24:09.117+0000] {taskinstance.py:2306} INFO - Starting attempt 1 of 1
[2025-12-05T12:24:09.251+0000] {taskinstance.py:2330} INFO - Executing <Task(PythonOperator): configure_dremio_source> on 2025-12-05 12:22:38.803331+00:00
[2025-12-05T12:24:09.256+0000] {standard_task_runner.py:63} INFO - Started process 453 to run task
[2025-12-05T12:24:09.259+0000] {standard_task_runner.py:90} INFO - Running: ['***', 'tasks', 'run', 'mongo_iceberg_dremio_dag', 'configure_dremio_source', 'manual__2025-12-05T12:22:38.803331+00:00', '--job-id', '22', '--raw', '--subdir', 'DAGS_FOLDER/spark_read_mongo_dag.py', '--cfg-path', '/tmp/tmpurtqj1k8']
[2025-12-05T12:24:09.290+0000] {standard_task_runner.py:91} INFO - Job 22: Subtask configure_dremio_source
[2025-12-05T12:24:09.563+0000] {task_command.py:426} INFO - Running <TaskInstance: mongo_iceberg_dremio_dag.configure_dremio_source manual__2025-12-05T12:22:38.803331+00:00 [running]> on host fa5351f36d22
[2025-12-05T12:24:10.085+0000] {taskinstance.py:2648} INFO - Exporting env vars: AIRFLOW_CTX_DAG_OWNER='deeku' AIRFLOW_CTX_DAG_ID='mongo_iceberg_dremio_dag' AIRFLOW_CTX_TASK_ID='configure_dremio_source' AIRFLOW_CTX_EXECUTION_DATE='2025-12-05T12:22:38.803331+00:00' AIRFLOW_CTX_TRY_NUMBER='1' AIRFLOW_CTX_DAG_RUN_ID='manual__2025-12-05T12:22:38.803331+00:00'
[2025-12-05T12:24:10.088+0000] {taskinstance.py:430} INFO - ::endgroup::
[2025-12-05T12:24:10.411+0000] {spark_read_mongo_dag.py:261} INFO - Using nessieUri: http://nessie:19120/api/v2
[2025-12-05T12:24:10.411+0000] {spark_read_mongo_dag.py:285} INFO - Creating Dremio source 'iceberg' with /api/v2...
[2025-12-05T12:24:10.417+0000] {spark_read_mongo_dag.py:290} ERROR - HTTP exception while creating Dremio source: Dremio login failed: 403 {"errorMessage":"No User Available","moreInfo":"","stackTrace":[]}
Traceback (most recent call last):
  File "/opt/airflow/dags/spark_read_mongo_dag.py", line 288, in create_dremio_iceberg_source
    r = requests.post(url, json=payload, headers=dremio_headers(), timeout=30)
  File "/opt/airflow/dags/spark_read_mongo_dag.py", line 213, in dremio_headers
    token = dremio_login_token()
  File "/opt/airflow/dags/spark_read_mongo_dag.py", line 209, in dremio_login_token
    raise Exception(f"Dremio login failed: {r.status_code} {r.text}")
Exception: Dremio login failed: 403 {"errorMessage":"No User Available","moreInfo":"","stackTrace":[]}
[2025-12-05T12:24:10.422+0000] {taskinstance.py:441} INFO - ::group::Post task execution logs
[2025-12-05T12:24:10.423+0000] {taskinstance.py:2905} ERROR - Task failed with exception
Traceback (most recent call last):
  File "/opt/airflow/dags/spark_read_mongo_dag.py", line 288, in create_dremio_iceberg_source
    r = requests.post(url, json=payload, headers=dremio_headers(), timeout=30)
  File "/opt/airflow/dags/spark_read_mongo_dag.py", line 213, in dremio_headers
    token = dremio_login_token()
  File "/opt/airflow/dags/spark_read_mongo_dag.py", line 209, in dremio_login_token
    raise Exception(f"Dremio login failed: {r.status_code} {r.text}")
Exception: Dremio login failed: 403 {"errorMessage":"No User Available","moreInfo":"","stackTrace":[]}

During handling of the above exception, another exception occurred:

Traceback (most recent call last):
  File "/home/airflow/.local/lib/python3.9/site-packages/airflow/models/taskinstance.py", line 465, in _execute_task
    result = _execute_callable(context=context, **execute_callable_kwargs)
  File "/home/airflow/.local/lib/python3.9/site-packages/airflow/models/taskinstance.py", line 432, in _execute_callable
    return execute_callable(context=context, **execute_callable_kwargs)
  File "/home/airflow/.local/lib/python3.9/site-packages/airflow/models/baseoperator.py", line 401, in wrapper
    return func(self, *args, **kwargs)
  File "/home/airflow/.local/lib/python3.9/site-packages/airflow/operators/python.py", line 235, in execute
    return_value = self.execute_callable()
  File "/home/airflow/.local/lib/python3.9/site-packages/airflow/operators/python.py", line 252, in execute_callable
    return self.python_callable(*self.op_args, **self.op_kwargs)
  File "/opt/airflow/dags/spark_read_mongo_dag.py", line 291, in create_dremio_iceberg_source
    raise RuntimeError(f"HTTP error creating Dremio source: {ex}")
RuntimeError: HTTP error creating Dremio source: Dremio login failed: 403 {"errorMessage":"No User Available","moreInfo":"","stackTrace":[]}
[2025-12-05T12:24:10.525+0000] {taskinstance.py:1206} INFO - Marking task as FAILED. dag_id=mongo_iceberg_dremio_dag, task_id=configure_dremio_source, run_id=manual__2025-12-05T12:22:38.803331+00:00, execution_date=20251205T122238, start_date=20251205T122408, end_date=20251205T122410
[2025-12-05T12:24:10.720+0000] {standard_task_runner.py:110} ERROR - Failed to execute job 22 for task configure_dremio_source (HTTP error creating Dremio source: Dremio login failed: 403 {"errorMessage":"No User Available","moreInfo":"","stackTrace":[]}; 453)
[2025-12-05T12:24:10.747+0000] {local_task_job_runner.py:240} INFO - Task exited with return code 1
[2025-12-05T12:24:10.782+0000] {taskinstance.py:3503} INFO - 0 downstream tasks scheduled from follow-on schedule check
[2025-12-05T12:24:10.844+0000] {local_task_job_runner.py:222} INFO - ::endgroup::
