[2025-12-06T06:23:28.043+0000] {local_task_job_runner.py:120} INFO - ::group::Pre task execution logs
[2025-12-06T06:23:29.612+0000] {taskinstance.py:2076} INFO - Dependencies all met for dep_context=non-requeueable deps ti=<TaskInstance: mongo_iceberg_dremio_dag.configure_dremio_source manual__2025-12-06T06:21:41.442938+00:00 [queued]>
[2025-12-06T06:23:29.624+0000] {taskinstance.py:2076} INFO - Dependencies all met for dep_context=requeueable deps ti=<TaskInstance: mongo_iceberg_dremio_dag.configure_dremio_source manual__2025-12-06T06:21:41.442938+00:00 [queued]>
[2025-12-06T06:23:29.625+0000] {taskinstance.py:2306} INFO - Starting attempt 1 of 1
[2025-12-06T06:23:29.922+0000] {taskinstance.py:2330} INFO - Executing <Task(PythonOperator): configure_dremio_source> on 2025-12-06 06:21:41.442938+00:00
[2025-12-06T06:23:29.927+0000] {standard_task_runner.py:63} INFO - Started process 553 to run task
[2025-12-06T06:23:29.931+0000] {standard_task_runner.py:90} INFO - Running: ['***', 'tasks', 'run', 'mongo_iceberg_dremio_dag', 'configure_dremio_source', 'manual__2025-12-06T06:21:41.442938+00:00', '--job-id', '39', '--raw', '--subdir', 'DAGS_FOLDER/spark_read_mongo_dag.py', '--cfg-path', '/tmp/tmpqr9ou69l']
[2025-12-06T06:23:29.934+0000] {standard_task_runner.py:91} INFO - Job 39: Subtask configure_dremio_source
[2025-12-06T06:23:30.286+0000] {task_command.py:426} INFO - Running <TaskInstance: mongo_iceberg_dremio_dag.configure_dremio_source manual__2025-12-06T06:21:41.442938+00:00 [running]> on host 895e81bfa4e0
[2025-12-06T06:23:31.002+0000] {taskinstance.py:2648} INFO - Exporting env vars: AIRFLOW_CTX_DAG_OWNER='deeku' AIRFLOW_CTX_DAG_ID='mongo_iceberg_dremio_dag' AIRFLOW_CTX_TASK_ID='configure_dremio_source' AIRFLOW_CTX_EXECUTION_DATE='2025-12-06T06:21:41.442938+00:00' AIRFLOW_CTX_TRY_NUMBER='1' AIRFLOW_CTX_DAG_RUN_ID='manual__2025-12-06T06:21:41.442938+00:00'
[2025-12-06T06:23:31.003+0000] {taskinstance.py:430} INFO - ::endgroup::
[2025-12-06T06:23:34.691+0000] {spark_read_mongo_dag.py:274} INFO - Probing Nessie endpoint: http://nessie:19120/api/v2
[2025-12-06T06:23:35.293+0000] {spark_read_mongo_dag.py:276} INFO - Probe status for http://nessie:19120/api/v2 -> 404
[2025-12-06T06:23:35.294+0000] {spark_read_mongo_dag.py:274} INFO - Probing Nessie endpoint: http://nessie:19120/api/v2/refs
[2025-12-06T06:23:35.302+0000] {spark_read_mongo_dag.py:276} INFO - Probe status for http://nessie:19120/api/v2/refs -> 404
[2025-12-06T06:23:35.303+0000] {spark_read_mongo_dag.py:274} INFO - Probing Nessie endpoint: http://nessie:19120/api/v2/trees
[2025-12-06T06:23:37.172+0000] {spark_read_mongo_dag.py:276} INFO - Probe status for http://nessie:19120/api/v2/trees -> 200
[2025-12-06T06:23:37.172+0000] {spark_read_mongo_dag.py:279} INFO - Probe success: http://nessie:19120/api/v2/trees
[2025-12-06T06:23:37.173+0000] {spark_read_mongo_dag.py:287} INFO - Using probe result http://nessie:19120/api/v2/trees for diagnostics; will still send host-only to Dremio.
[2025-12-06T06:23:37.173+0000] {spark_read_mongo_dag.py:291} INFO - Creating Dremio source using nessieUri=http://nessie:19120
[2025-12-06T06:23:37.180+0000] {spark_read_mongo_dag.py:318} ERROR - Failed to obtain Dremio token/headers: Dremio login failed: 403 {"errorMessage":"No User Available","moreInfo":"","stackTrace":[]}
Traceback (most recent call last):
  File "/opt/airflow/dags/spark_read_mongo_dag.py", line 316, in create_dremio_iceberg_source
    headers = dremio_headers()
  File "/opt/airflow/dags/spark_read_mongo_dag.py", line 214, in dremio_headers
    token = dremio_login_token()
  File "/opt/airflow/dags/spark_read_mongo_dag.py", line 210, in dremio_login_token
    raise Exception(f"Dremio login failed: {r.status_code} {r.text}")
Exception: Dremio login failed: 403 {"errorMessage":"No User Available","moreInfo":"","stackTrace":[]}
[2025-12-06T06:23:37.185+0000] {taskinstance.py:441} INFO - ::group::Post task execution logs
[2025-12-06T06:23:37.186+0000] {taskinstance.py:2905} ERROR - Task failed with exception
Traceback (most recent call last):
  File "/opt/airflow/dags/spark_read_mongo_dag.py", line 316, in create_dremio_iceberg_source
    headers = dremio_headers()
  File "/opt/airflow/dags/spark_read_mongo_dag.py", line 214, in dremio_headers
    token = dremio_login_token()
  File "/opt/airflow/dags/spark_read_mongo_dag.py", line 210, in dremio_login_token
    raise Exception(f"Dremio login failed: {r.status_code} {r.text}")
Exception: Dremio login failed: 403 {"errorMessage":"No User Available","moreInfo":"","stackTrace":[]}

During handling of the above exception, another exception occurred:

Traceback (most recent call last):
  File "/home/airflow/.local/lib/python3.9/site-packages/airflow/models/taskinstance.py", line 465, in _execute_task
    result = _execute_callable(context=context, **execute_callable_kwargs)
  File "/home/airflow/.local/lib/python3.9/site-packages/airflow/models/taskinstance.py", line 432, in _execute_callable
    return execute_callable(context=context, **execute_callable_kwargs)
  File "/home/airflow/.local/lib/python3.9/site-packages/airflow/models/baseoperator.py", line 401, in wrapper
    return func(self, *args, **kwargs)
  File "/home/airflow/.local/lib/python3.9/site-packages/airflow/operators/python.py", line 235, in execute
    return_value = self.execute_callable()
  File "/home/airflow/.local/lib/python3.9/site-packages/airflow/operators/python.py", line 252, in execute_callable
    return self.python_callable(*self.op_args, **self.op_kwargs)
  File "/opt/airflow/dags/spark_read_mongo_dag.py", line 319, in create_dremio_iceberg_source
    raise RuntimeError(f"Failed to obtain Dremio token: {ex}")
RuntimeError: Failed to obtain Dremio token: Dremio login failed: 403 {"errorMessage":"No User Available","moreInfo":"","stackTrace":[]}
[2025-12-06T06:23:37.209+0000] {taskinstance.py:1206} INFO - Marking task as FAILED. dag_id=mongo_iceberg_dremio_dag, task_id=configure_dremio_source, run_id=manual__2025-12-06T06:21:41.442938+00:00, execution_date=20251206T062141, start_date=20251206T062329, end_date=20251206T062337
[2025-12-06T06:23:37.361+0000] {standard_task_runner.py:110} ERROR - Failed to execute job 39 for task configure_dremio_source (Failed to obtain Dremio token: Dremio login failed: 403 {"errorMessage":"No User Available","moreInfo":"","stackTrace":[]}; 553)
[2025-12-06T06:23:37.412+0000] {local_task_job_runner.py:240} INFO - Task exited with return code 1
[2025-12-06T06:23:37.437+0000] {taskinstance.py:3503} INFO - 0 downstream tasks scheduled from follow-on schedule check
[2025-12-06T06:23:37.490+0000] {local_task_job_runner.py:222} INFO - ::endgroup::
