[2025-12-08T12:06:45.057+0000] {local_task_job_runner.py:120} INFO - ::group::Pre task execution logs
[2025-12-08T12:06:45.196+0000] {taskinstance.py:2076} INFO - Dependencies all met for dep_context=non-requeueable deps ti=<TaskInstance: mongo_iceberg_dremio_dagg.configure_dremio_source manual__2025-12-08T12:05:40.114720+00:00 [queued]>
[2025-12-08T12:06:45.208+0000] {taskinstance.py:2076} INFO - Dependencies all met for dep_context=requeueable deps ti=<TaskInstance: mongo_iceberg_dremio_dagg.configure_dremio_source manual__2025-12-08T12:05:40.114720+00:00 [queued]>
[2025-12-08T12:06:45.210+0000] {taskinstance.py:2306} INFO - Starting attempt 1 of 2
[2025-12-08T12:06:45.278+0000] {taskinstance.py:2330} INFO - Executing <Task(PythonOperator): configure_dremio_source> on 2025-12-08 12:05:40.114720+00:00
[2025-12-08T12:06:45.283+0000] {standard_task_runner.py:63} INFO - Started process 852 to run task
[2025-12-08T12:06:45.289+0000] {standard_task_runner.py:90} INFO - Running: ['***', 'tasks', 'run', 'mongo_iceberg_dremio_dagg', 'configure_dremio_source', 'manual__2025-12-08T12:05:40.114720+00:00', '--job-id', '136', '--raw', '--subdir', 'DAGS_FOLDER/spark_read_mongo_dag.py', '--cfg-path', '/tmp/tmpecmjbqqs']
[2025-12-08T12:06:45.294+0000] {standard_task_runner.py:91} INFO - Job 136: Subtask configure_dremio_source
[2025-12-08T12:06:45.450+0000] {task_command.py:426} INFO - Running <TaskInstance: mongo_iceberg_dremio_dagg.configure_dremio_source manual__2025-12-08T12:05:40.114720+00:00 [running]> on host d8c44c1d4518
[2025-12-08T12:06:45.724+0000] {taskinstance.py:2648} INFO - Exporting env vars: AIRFLOW_CTX_DAG_OWNER='deeku' AIRFLOW_CTX_DAG_ID='mongo_iceberg_dremio_dagg' AIRFLOW_CTX_TASK_ID='configure_dremio_source' AIRFLOW_CTX_EXECUTION_DATE='2025-12-08T12:05:40.114720+00:00' AIRFLOW_CTX_TRY_NUMBER='1' AIRFLOW_CTX_DAG_RUN_ID='manual__2025-12-08T12:05:40.114720+00:00'
[2025-12-08T12:06:45.728+0000] {taskinstance.py:430} INFO - ::endgroup::
[2025-12-08T12:06:45.745+0000] {spark_read_mongo_dag.py:247} INFO - create_dremio_iceberg_source: start
[2025-12-08T12:06:45.886+0000] {spark_read_mongo_dag.py:278} INFO - Dremio source exists=False id=None
[2025-12-08T12:06:45.892+0000] {spark_read_mongo_dag.py:283} ERROR - Failed to obtain Dremio token/headers: Dremio login failed: 403 {"errorMessage":"No User Available","moreInfo":"","stackTrace":[]}
Traceback (most recent call last):
  File "/opt/airflow/dags/spark_read_mongo_dag.py", line 281, in create_dremio_iceberg_source
    headers = dremio_headers()
  File "/opt/airflow/dags/spark_read_mongo_dag.py", line 217, in dremio_headers
    token = dremio_login_token()
  File "/opt/airflow/dags/spark_read_mongo_dag.py", line 212, in dremio_login_token
    raise Exception(f"Dremio login failed: {r.status_code} {r.text}")
Exception: Dremio login failed: 403 {"errorMessage":"No User Available","moreInfo":"","stackTrace":[]}
[2025-12-08T12:06:45.896+0000] {taskinstance.py:441} INFO - ::group::Post task execution logs
[2025-12-08T12:06:45.896+0000] {taskinstance.py:2905} ERROR - Task failed with exception
Traceback (most recent call last):
  File "/opt/airflow/dags/spark_read_mongo_dag.py", line 281, in create_dremio_iceberg_source
    headers = dremio_headers()
  File "/opt/airflow/dags/spark_read_mongo_dag.py", line 217, in dremio_headers
    token = dremio_login_token()
  File "/opt/airflow/dags/spark_read_mongo_dag.py", line 212, in dremio_login_token
    raise Exception(f"Dremio login failed: {r.status_code} {r.text}")
Exception: Dremio login failed: 403 {"errorMessage":"No User Available","moreInfo":"","stackTrace":[]}

During handling of the above exception, another exception occurred:

Traceback (most recent call last):
  File "/home/airflow/.local/lib/python3.9/site-packages/airflow/models/taskinstance.py", line 465, in _execute_task
    result = _execute_callable(context=context, **execute_callable_kwargs)
  File "/home/airflow/.local/lib/python3.9/site-packages/airflow/models/taskinstance.py", line 432, in _execute_callable
    return execute_callable(context=context, **execute_callable_kwargs)
  File "/home/airflow/.local/lib/python3.9/site-packages/airflow/models/baseoperator.py", line 401, in wrapper
    return func(self, *args, **kwargs)
  File "/home/airflow/.local/lib/python3.9/site-packages/airflow/operators/python.py", line 235, in execute
    return_value = self.execute_callable()
  File "/home/airflow/.local/lib/python3.9/site-packages/airflow/operators/python.py", line 252, in execute_callable
    return self.python_callable(*self.op_args, **self.op_kwargs)
  File "/opt/airflow/dags/spark_read_mongo_dag.py", line 284, in create_dremio_iceberg_source
    raise RuntimeError(f"Failed to obtain Dremio token: {ex}")
RuntimeError: Failed to obtain Dremio token: Dremio login failed: 403 {"errorMessage":"No User Available","moreInfo":"","stackTrace":[]}
[2025-12-08T12:06:45.911+0000] {taskinstance.py:1206} INFO - Marking task as UP_FOR_RETRY. dag_id=mongo_iceberg_dremio_dagg, task_id=configure_dremio_source, run_id=manual__2025-12-08T12:05:40.114720+00:00, execution_date=20251208T120540, start_date=20251208T120645, end_date=20251208T120645
[2025-12-08T12:06:45.953+0000] {standard_task_runner.py:110} ERROR - Failed to execute job 136 for task configure_dremio_source (Failed to obtain Dremio token: Dremio login failed: 403 {"errorMessage":"No User Available","moreInfo":"","stackTrace":[]}; 852)
[2025-12-08T12:06:45.985+0000] {local_task_job_runner.py:240} INFO - Task exited with return code 1
[2025-12-08T12:06:46.033+0000] {taskinstance.py:3503} INFO - 0 downstream tasks scheduled from follow-on schedule check
[2025-12-08T12:06:46.058+0000] {local_task_job_runner.py:222} INFO - ::endgroup::
