[2025-12-05T11:08:41.309+0000] {local_task_job_runner.py:120} INFO - ::group::Pre task execution logs
[2025-12-05T11:08:41.351+0000] {taskinstance.py:2076} INFO - Dependencies all met for dep_context=non-requeueable deps ti=<TaskInstance: mongo_iceberg_dremio_dag.configure_dremio_source manual__2025-12-05T11:08:08.520971+00:00 [queued]>
[2025-12-05T11:08:41.362+0000] {taskinstance.py:2076} INFO - Dependencies all met for dep_context=requeueable deps ti=<TaskInstance: mongo_iceberg_dremio_dag.configure_dremio_source manual__2025-12-05T11:08:08.520971+00:00 [queued]>
[2025-12-05T11:08:41.363+0000] {taskinstance.py:2306} INFO - Starting attempt 1 of 1
[2025-12-05T11:08:41.412+0000] {taskinstance.py:2330} INFO - Executing <Task(PythonOperator): configure_dremio_source> on 2025-12-05 11:08:08.520971+00:00
[2025-12-05T11:08:41.421+0000] {standard_task_runner.py:63} INFO - Started process 2985 to run task
[2025-12-05T11:08:41.427+0000] {standard_task_runner.py:90} INFO - Running: ['***', 'tasks', 'run', 'mongo_iceberg_dremio_dag', 'configure_dremio_source', 'manual__2025-12-05T11:08:08.520971+00:00', '--job-id', '9', '--raw', '--subdir', 'DAGS_FOLDER/spark_read_mongo_dag.py', '--cfg-path', '/tmp/tmp4vy17cid']
[2025-12-05T11:08:41.433+0000] {standard_task_runner.py:91} INFO - Job 9: Subtask configure_dremio_source
[2025-12-05T11:08:41.623+0000] {task_command.py:426} INFO - Running <TaskInstance: mongo_iceberg_dremio_dag.configure_dremio_source manual__2025-12-05T11:08:08.520971+00:00 [running]> on host a40f6ae0e3c1
[2025-12-05T11:08:42.037+0000] {taskinstance.py:2648} INFO - Exporting env vars: AIRFLOW_CTX_DAG_OWNER='deeku' AIRFLOW_CTX_DAG_ID='mongo_iceberg_dremio_dag' AIRFLOW_CTX_TASK_ID='configure_dremio_source' AIRFLOW_CTX_EXECUTION_DATE='2025-12-05T11:08:08.520971+00:00' AIRFLOW_CTX_TRY_NUMBER='1' AIRFLOW_CTX_DAG_RUN_ID='manual__2025-12-05T11:08:08.520971+00:00'
[2025-12-05T11:08:42.038+0000] {taskinstance.py:430} INFO - ::endgroup::
[2025-12-05T11:08:42.370+0000] {spark_read_mongo_dag.py:247} INFO - Configured NESSIE_URI base: http://nessie:19120/api/v2
[2025-12-05T11:08:42.372+0000] {spark_read_mongo_dag.py:314} INFO - Attempting to create Dremio source 'iceberg' with nessieUri=http://nessie:19120
[2025-12-05T11:08:42.375+0000] {spark_read_mongo_dag.py:318} ERROR - HTTP exception while POSTing to Dremio for candidate http://nessie:19120: HTTPConnectionPool(host='dremio', port=9047): Max retries exceeded with url: /apiv2/login (Caused by NewConnectionError('<urllib3.connection.HTTPConnection object at 0x73da654688e0>: Failed to establish a new connection: [Errno 111] Connection refused'))
Traceback (most recent call last):
  File "/home/airflow/.local/lib/python3.9/site-packages/urllib3/connection.py", line 174, in _new_conn
    conn = connection.create_connection(
  File "/home/airflow/.local/lib/python3.9/site-packages/urllib3/util/connection.py", line 95, in create_connection
    raise err
  File "/home/airflow/.local/lib/python3.9/site-packages/urllib3/util/connection.py", line 85, in create_connection
    sock.connect(sa)
ConnectionRefusedError: [Errno 111] Connection refused

During handling of the above exception, another exception occurred:

Traceback (most recent call last):
  File "/home/airflow/.local/lib/python3.9/site-packages/urllib3/connectionpool.py", line 715, in urlopen
    httplib_response = self._make_request(
  File "/home/airflow/.local/lib/python3.9/site-packages/urllib3/connectionpool.py", line 416, in _make_request
    conn.request(method, url, **httplib_request_kw)
  File "/home/airflow/.local/lib/python3.9/site-packages/urllib3/connection.py", line 244, in request
    super(HTTPConnection, self).request(method, url, body=body, headers=headers)
  File "/usr/local/lib/python3.9/http/client.py", line 1285, in request
    self._send_request(method, url, body, headers, encode_chunked)
  File "/usr/local/lib/python3.9/http/client.py", line 1331, in _send_request
    self.endheaders(body, encode_chunked=encode_chunked)
  File "/usr/local/lib/python3.9/http/client.py", line 1280, in endheaders
    self._send_output(message_body, encode_chunked=encode_chunked)
  File "/usr/local/lib/python3.9/http/client.py", line 1040, in _send_output
    self.send(msg)
  File "/usr/local/lib/python3.9/http/client.py", line 980, in send
    self.connect()
  File "/home/airflow/.local/lib/python3.9/site-packages/urllib3/connection.py", line 205, in connect
    conn = self._new_conn()
  File "/home/airflow/.local/lib/python3.9/site-packages/urllib3/connection.py", line 186, in _new_conn
    raise NewConnectionError(
urllib3.exceptions.NewConnectionError: <urllib3.connection.HTTPConnection object at 0x73da654688e0>: Failed to establish a new connection: [Errno 111] Connection refused

During handling of the above exception, another exception occurred:

Traceback (most recent call last):
  File "/home/airflow/.local/lib/python3.9/site-packages/requests/adapters.py", line 486, in send
    resp = conn.urlopen(
  File "/home/airflow/.local/lib/python3.9/site-packages/urllib3/connectionpool.py", line 799, in urlopen
    retries = retries.increment(
  File "/home/airflow/.local/lib/python3.9/site-packages/urllib3/util/retry.py", line 592, in increment
    raise MaxRetryError(_pool, url, error or ResponseError(cause))
urllib3.exceptions.MaxRetryError: HTTPConnectionPool(host='dremio', port=9047): Max retries exceeded with url: /apiv2/login (Caused by NewConnectionError('<urllib3.connection.HTTPConnection object at 0x73da654688e0>: Failed to establish a new connection: [Errno 111] Connection refused'))

During handling of the above exception, another exception occurred:

Traceback (most recent call last):
  File "/opt/airflow/dags/spark_read_mongo_dag.py", line 316, in create_dremio_iceberg_source
    r = requests.post(url, json=payload, headers=dremio_headers(), timeout=30)
  File "/opt/airflow/dags/spark_read_mongo_dag.py", line 213, in dremio_headers
    token = dremio_login_token()
  File "/opt/airflow/dags/spark_read_mongo_dag.py", line 207, in dremio_login_token
    r = requests.post(url, json=payload)
  File "/home/airflow/.local/lib/python3.9/site-packages/requests/api.py", line 115, in post
    return request("post", url, data=data, json=json, **kwargs)
  File "/home/airflow/.local/lib/python3.9/site-packages/requests/api.py", line 59, in request
    return session.request(method=method, url=url, **kwargs)
  File "/home/airflow/.local/lib/python3.9/site-packages/requests/sessions.py", line 589, in request
    resp = self.send(prep, **send_kwargs)
  File "/home/airflow/.local/lib/python3.9/site-packages/requests/sessions.py", line 703, in send
    r = adapter.send(request, **kwargs)
  File "/home/airflow/.local/lib/python3.9/site-packages/requests/adapters.py", line 519, in send
    raise ConnectionError(e, request=request)
requests.exceptions.ConnectionError: HTTPConnectionPool(host='dremio', port=9047): Max retries exceeded with url: /apiv2/login (Caused by NewConnectionError('<urllib3.connection.HTTPConnection object at 0x73da654688e0>: Failed to establish a new connection: [Errno 111] Connection refused'))
[2025-12-05T11:08:42.449+0000] {spark_read_mongo_dag.py:314} INFO - Attempting to create Dremio source 'iceberg' with nessieUri=http://nessie:19120/api/v2
[2025-12-05T11:08:42.453+0000] {spark_read_mongo_dag.py:318} ERROR - HTTP exception while POSTing to Dremio for candidate http://nessie:19120/api/v2: HTTPConnectionPool(host='dremio', port=9047): Max retries exceeded with url: /apiv2/login (Caused by NewConnectionError('<urllib3.connection.HTTPConnection object at 0x73da65401610>: Failed to establish a new connection: [Errno 111] Connection refused'))
Traceback (most recent call last):
  File "/home/airflow/.local/lib/python3.9/site-packages/urllib3/connection.py", line 174, in _new_conn
    conn = connection.create_connection(
  File "/home/airflow/.local/lib/python3.9/site-packages/urllib3/util/connection.py", line 95, in create_connection
    raise err
  File "/home/airflow/.local/lib/python3.9/site-packages/urllib3/util/connection.py", line 85, in create_connection
    sock.connect(sa)
ConnectionRefusedError: [Errno 111] Connection refused

During handling of the above exception, another exception occurred:

Traceback (most recent call last):
  File "/home/airflow/.local/lib/python3.9/site-packages/urllib3/connectionpool.py", line 715, in urlopen
    httplib_response = self._make_request(
  File "/home/airflow/.local/lib/python3.9/site-packages/urllib3/connectionpool.py", line 416, in _make_request
    conn.request(method, url, **httplib_request_kw)
  File "/home/airflow/.local/lib/python3.9/site-packages/urllib3/connection.py", line 244, in request
    super(HTTPConnection, self).request(method, url, body=body, headers=headers)
  File "/usr/local/lib/python3.9/http/client.py", line 1285, in request
    self._send_request(method, url, body, headers, encode_chunked)
  File "/usr/local/lib/python3.9/http/client.py", line 1331, in _send_request
    self.endheaders(body, encode_chunked=encode_chunked)
  File "/usr/local/lib/python3.9/http/client.py", line 1280, in endheaders
    self._send_output(message_body, encode_chunked=encode_chunked)
  File "/usr/local/lib/python3.9/http/client.py", line 1040, in _send_output
    self.send(msg)
  File "/usr/local/lib/python3.9/http/client.py", line 980, in send
    self.connect()
  File "/home/airflow/.local/lib/python3.9/site-packages/urllib3/connection.py", line 205, in connect
    conn = self._new_conn()
  File "/home/airflow/.local/lib/python3.9/site-packages/urllib3/connection.py", line 186, in _new_conn
    raise NewConnectionError(
urllib3.exceptions.NewConnectionError: <urllib3.connection.HTTPConnection object at 0x73da65401610>: Failed to establish a new connection: [Errno 111] Connection refused

During handling of the above exception, another exception occurred:

Traceback (most recent call last):
  File "/home/airflow/.local/lib/python3.9/site-packages/requests/adapters.py", line 486, in send
    resp = conn.urlopen(
  File "/home/airflow/.local/lib/python3.9/site-packages/urllib3/connectionpool.py", line 799, in urlopen
    retries = retries.increment(
  File "/home/airflow/.local/lib/python3.9/site-packages/urllib3/util/retry.py", line 592, in increment
    raise MaxRetryError(_pool, url, error or ResponseError(cause))
urllib3.exceptions.MaxRetryError: HTTPConnectionPool(host='dremio', port=9047): Max retries exceeded with url: /apiv2/login (Caused by NewConnectionError('<urllib3.connection.HTTPConnection object at 0x73da65401610>: Failed to establish a new connection: [Errno 111] Connection refused'))

During handling of the above exception, another exception occurred:

Traceback (most recent call last):
  File "/opt/airflow/dags/spark_read_mongo_dag.py", line 316, in create_dremio_iceberg_source
    r = requests.post(url, json=payload, headers=dremio_headers(), timeout=30)
  File "/opt/airflow/dags/spark_read_mongo_dag.py", line 213, in dremio_headers
    token = dremio_login_token()
  File "/opt/airflow/dags/spark_read_mongo_dag.py", line 207, in dremio_login_token
    r = requests.post(url, json=payload)
  File "/home/airflow/.local/lib/python3.9/site-packages/requests/api.py", line 115, in post
    return request("post", url, data=data, json=json, **kwargs)
  File "/home/airflow/.local/lib/python3.9/site-packages/requests/api.py", line 59, in request
    return session.request(method=method, url=url, **kwargs)
  File "/home/airflow/.local/lib/python3.9/site-packages/requests/sessions.py", line 589, in request
    resp = self.send(prep, **send_kwargs)
  File "/home/airflow/.local/lib/python3.9/site-packages/requests/sessions.py", line 703, in send
    r = adapter.send(request, **kwargs)
  File "/home/airflow/.local/lib/python3.9/site-packages/requests/adapters.py", line 519, in send
    raise ConnectionError(e, request=request)
requests.exceptions.ConnectionError: HTTPConnectionPool(host='dremio', port=9047): Max retries exceeded with url: /apiv2/login (Caused by NewConnectionError('<urllib3.connection.HTTPConnection object at 0x73da65401610>: Failed to establish a new connection: [Errno 111] Connection refused'))
[2025-12-05T11:08:42.456+0000] {spark_read_mongo_dag.py:314} INFO - Attempting to create Dremio source 'iceberg' with nessieUri=http://nessie:19120/api/v1
[2025-12-05T11:08:42.459+0000] {spark_read_mongo_dag.py:318} ERROR - HTTP exception while POSTing to Dremio for candidate http://nessie:19120/api/v1: HTTPConnectionPool(host='dremio', port=9047): Max retries exceeded with url: /apiv2/login (Caused by NewConnectionError('<urllib3.connection.HTTPConnection object at 0x73da653fe3d0>: Failed to establish a new connection: [Errno 111] Connection refused'))
Traceback (most recent call last):
  File "/home/airflow/.local/lib/python3.9/site-packages/urllib3/connection.py", line 174, in _new_conn
    conn = connection.create_connection(
  File "/home/airflow/.local/lib/python3.9/site-packages/urllib3/util/connection.py", line 95, in create_connection
    raise err
  File "/home/airflow/.local/lib/python3.9/site-packages/urllib3/util/connection.py", line 85, in create_connection
    sock.connect(sa)
ConnectionRefusedError: [Errno 111] Connection refused

During handling of the above exception, another exception occurred:

Traceback (most recent call last):
  File "/home/airflow/.local/lib/python3.9/site-packages/urllib3/connectionpool.py", line 715, in urlopen
    httplib_response = self._make_request(
  File "/home/airflow/.local/lib/python3.9/site-packages/urllib3/connectionpool.py", line 416, in _make_request
    conn.request(method, url, **httplib_request_kw)
  File "/home/airflow/.local/lib/python3.9/site-packages/urllib3/connection.py", line 244, in request
    super(HTTPConnection, self).request(method, url, body=body, headers=headers)
  File "/usr/local/lib/python3.9/http/client.py", line 1285, in request
    self._send_request(method, url, body, headers, encode_chunked)
  File "/usr/local/lib/python3.9/http/client.py", line 1331, in _send_request
    self.endheaders(body, encode_chunked=encode_chunked)
  File "/usr/local/lib/python3.9/http/client.py", line 1280, in endheaders
    self._send_output(message_body, encode_chunked=encode_chunked)
  File "/usr/local/lib/python3.9/http/client.py", line 1040, in _send_output
    self.send(msg)
  File "/usr/local/lib/python3.9/http/client.py", line 980, in send
    self.connect()
  File "/home/airflow/.local/lib/python3.9/site-packages/urllib3/connection.py", line 205, in connect
    conn = self._new_conn()
  File "/home/airflow/.local/lib/python3.9/site-packages/urllib3/connection.py", line 186, in _new_conn
    raise NewConnectionError(
urllib3.exceptions.NewConnectionError: <urllib3.connection.HTTPConnection object at 0x73da653fe3d0>: Failed to establish a new connection: [Errno 111] Connection refused

During handling of the above exception, another exception occurred:

Traceback (most recent call last):
  File "/home/airflow/.local/lib/python3.9/site-packages/requests/adapters.py", line 486, in send
    resp = conn.urlopen(
  File "/home/airflow/.local/lib/python3.9/site-packages/urllib3/connectionpool.py", line 799, in urlopen
    retries = retries.increment(
  File "/home/airflow/.local/lib/python3.9/site-packages/urllib3/util/retry.py", line 592, in increment
    raise MaxRetryError(_pool, url, error or ResponseError(cause))
urllib3.exceptions.MaxRetryError: HTTPConnectionPool(host='dremio', port=9047): Max retries exceeded with url: /apiv2/login (Caused by NewConnectionError('<urllib3.connection.HTTPConnection object at 0x73da653fe3d0>: Failed to establish a new connection: [Errno 111] Connection refused'))

During handling of the above exception, another exception occurred:

Traceback (most recent call last):
  File "/opt/airflow/dags/spark_read_mongo_dag.py", line 316, in create_dremio_iceberg_source
    r = requests.post(url, json=payload, headers=dremio_headers(), timeout=30)
  File "/opt/airflow/dags/spark_read_mongo_dag.py", line 213, in dremio_headers
    token = dremio_login_token()
  File "/opt/airflow/dags/spark_read_mongo_dag.py", line 207, in dremio_login_token
    r = requests.post(url, json=payload)
  File "/home/airflow/.local/lib/python3.9/site-packages/requests/api.py", line 115, in post
    return request("post", url, data=data, json=json, **kwargs)
  File "/home/airflow/.local/lib/python3.9/site-packages/requests/api.py", line 59, in request
    return session.request(method=method, url=url, **kwargs)
  File "/home/airflow/.local/lib/python3.9/site-packages/requests/sessions.py", line 589, in request
    resp = self.send(prep, **send_kwargs)
  File "/home/airflow/.local/lib/python3.9/site-packages/requests/sessions.py", line 703, in send
    r = adapter.send(request, **kwargs)
  File "/home/airflow/.local/lib/python3.9/site-packages/requests/adapters.py", line 519, in send
    raise ConnectionError(e, request=request)
requests.exceptions.ConnectionError: HTTPConnectionPool(host='dremio', port=9047): Max retries exceeded with url: /apiv2/login (Caused by NewConnectionError('<urllib3.connection.HTTPConnection object at 0x73da653fe3d0>: Failed to establish a new connection: [Errno 111] Connection refused'))
[2025-12-05T11:08:42.466+0000] {spark_read_mongo_dag.py:314} INFO - Attempting to create Dremio source 'iceberg' with nessieUri=http://nessie:19120/tree/main
[2025-12-05T11:08:42.469+0000] {spark_read_mongo_dag.py:318} ERROR - HTTP exception while POSTing to Dremio for candidate http://nessie:19120/tree/main: HTTPConnectionPool(host='dremio', port=9047): Max retries exceeded with url: /apiv2/login (Caused by NewConnectionError('<urllib3.connection.HTTPConnection object at 0x73da653af0a0>: Failed to establish a new connection: [Errno 111] Connection refused'))
Traceback (most recent call last):
  File "/home/airflow/.local/lib/python3.9/site-packages/urllib3/connection.py", line 174, in _new_conn
    conn = connection.create_connection(
  File "/home/airflow/.local/lib/python3.9/site-packages/urllib3/util/connection.py", line 95, in create_connection
    raise err
  File "/home/airflow/.local/lib/python3.9/site-packages/urllib3/util/connection.py", line 85, in create_connection
    sock.connect(sa)
ConnectionRefusedError: [Errno 111] Connection refused

During handling of the above exception, another exception occurred:

Traceback (most recent call last):
  File "/home/airflow/.local/lib/python3.9/site-packages/urllib3/connectionpool.py", line 715, in urlopen
    httplib_response = self._make_request(
  File "/home/airflow/.local/lib/python3.9/site-packages/urllib3/connectionpool.py", line 416, in _make_request
    conn.request(method, url, **httplib_request_kw)
  File "/home/airflow/.local/lib/python3.9/site-packages/urllib3/connection.py", line 244, in request
    super(HTTPConnection, self).request(method, url, body=body, headers=headers)
  File "/usr/local/lib/python3.9/http/client.py", line 1285, in request
    self._send_request(method, url, body, headers, encode_chunked)
  File "/usr/local/lib/python3.9/http/client.py", line 1331, in _send_request
    self.endheaders(body, encode_chunked=encode_chunked)
  File "/usr/local/lib/python3.9/http/client.py", line 1280, in endheaders
    self._send_output(message_body, encode_chunked=encode_chunked)
  File "/usr/local/lib/python3.9/http/client.py", line 1040, in _send_output
    self.send(msg)
  File "/usr/local/lib/python3.9/http/client.py", line 980, in send
    self.connect()
  File "/home/airflow/.local/lib/python3.9/site-packages/urllib3/connection.py", line 205, in connect
    conn = self._new_conn()
  File "/home/airflow/.local/lib/python3.9/site-packages/urllib3/connection.py", line 186, in _new_conn
    raise NewConnectionError(
urllib3.exceptions.NewConnectionError: <urllib3.connection.HTTPConnection object at 0x73da653af0a0>: Failed to establish a new connection: [Errno 111] Connection refused

During handling of the above exception, another exception occurred:

Traceback (most recent call last):
  File "/home/airflow/.local/lib/python3.9/site-packages/requests/adapters.py", line 486, in send
    resp = conn.urlopen(
  File "/home/airflow/.local/lib/python3.9/site-packages/urllib3/connectionpool.py", line 799, in urlopen
    retries = retries.increment(
  File "/home/airflow/.local/lib/python3.9/site-packages/urllib3/util/retry.py", line 592, in increment
    raise MaxRetryError(_pool, url, error or ResponseError(cause))
urllib3.exceptions.MaxRetryError: HTTPConnectionPool(host='dremio', port=9047): Max retries exceeded with url: /apiv2/login (Caused by NewConnectionError('<urllib3.connection.HTTPConnection object at 0x73da653af0a0>: Failed to establish a new connection: [Errno 111] Connection refused'))

During handling of the above exception, another exception occurred:

Traceback (most recent call last):
  File "/opt/airflow/dags/spark_read_mongo_dag.py", line 316, in create_dremio_iceberg_source
    r = requests.post(url, json=payload, headers=dremio_headers(), timeout=30)
  File "/opt/airflow/dags/spark_read_mongo_dag.py", line 213, in dremio_headers
    token = dremio_login_token()
  File "/opt/airflow/dags/spark_read_mongo_dag.py", line 207, in dremio_login_token
    r = requests.post(url, json=payload)
  File "/home/airflow/.local/lib/python3.9/site-packages/requests/api.py", line 115, in post
    return request("post", url, data=data, json=json, **kwargs)
  File "/home/airflow/.local/lib/python3.9/site-packages/requests/api.py", line 59, in request
    return session.request(method=method, url=url, **kwargs)
  File "/home/airflow/.local/lib/python3.9/site-packages/requests/sessions.py", line 589, in request
    resp = self.send(prep, **send_kwargs)
  File "/home/airflow/.local/lib/python3.9/site-packages/requests/sessions.py", line 703, in send
    r = adapter.send(request, **kwargs)
  File "/home/airflow/.local/lib/python3.9/site-packages/requests/adapters.py", line 519, in send
    raise ConnectionError(e, request=request)
requests.exceptions.ConnectionError: HTTPConnectionPool(host='dremio', port=9047): Max retries exceeded with url: /apiv2/login (Caused by NewConnectionError('<urllib3.connection.HTTPConnection object at 0x73da653af0a0>: Failed to establish a new connection: [Errno 111] Connection refused'))
[2025-12-05T11:08:42.474+0000] {spark_read_mongo_dag.py:314} INFO - Attempting to create Dremio source 'iceberg' with nessieUri=http://nessie:19120/trees/-
[2025-12-05T11:08:42.478+0000] {spark_read_mongo_dag.py:318} ERROR - HTTP exception while POSTing to Dremio for candidate http://nessie:19120/trees/-: HTTPConnectionPool(host='dremio', port=9047): Max retries exceeded with url: /apiv2/login (Caused by NewConnectionError('<urllib3.connection.HTTPConnection object at 0x73da65401550>: Failed to establish a new connection: [Errno 111] Connection refused'))
Traceback (most recent call last):
  File "/home/airflow/.local/lib/python3.9/site-packages/urllib3/connection.py", line 174, in _new_conn
    conn = connection.create_connection(
  File "/home/airflow/.local/lib/python3.9/site-packages/urllib3/util/connection.py", line 95, in create_connection
    raise err
  File "/home/airflow/.local/lib/python3.9/site-packages/urllib3/util/connection.py", line 85, in create_connection
    sock.connect(sa)
ConnectionRefusedError: [Errno 111] Connection refused

During handling of the above exception, another exception occurred:

Traceback (most recent call last):
  File "/home/airflow/.local/lib/python3.9/site-packages/urllib3/connectionpool.py", line 715, in urlopen
    httplib_response = self._make_request(
  File "/home/airflow/.local/lib/python3.9/site-packages/urllib3/connectionpool.py", line 416, in _make_request
    conn.request(method, url, **httplib_request_kw)
  File "/home/airflow/.local/lib/python3.9/site-packages/urllib3/connection.py", line 244, in request
    super(HTTPConnection, self).request(method, url, body=body, headers=headers)
  File "/usr/local/lib/python3.9/http/client.py", line 1285, in request
    self._send_request(method, url, body, headers, encode_chunked)
  File "/usr/local/lib/python3.9/http/client.py", line 1331, in _send_request
    self.endheaders(body, encode_chunked=encode_chunked)
  File "/usr/local/lib/python3.9/http/client.py", line 1280, in endheaders
    self._send_output(message_body, encode_chunked=encode_chunked)
  File "/usr/local/lib/python3.9/http/client.py", line 1040, in _send_output
    self.send(msg)
  File "/usr/local/lib/python3.9/http/client.py", line 980, in send
    self.connect()
  File "/home/airflow/.local/lib/python3.9/site-packages/urllib3/connection.py", line 205, in connect
    conn = self._new_conn()
  File "/home/airflow/.local/lib/python3.9/site-packages/urllib3/connection.py", line 186, in _new_conn
    raise NewConnectionError(
urllib3.exceptions.NewConnectionError: <urllib3.connection.HTTPConnection object at 0x73da65401550>: Failed to establish a new connection: [Errno 111] Connection refused

During handling of the above exception, another exception occurred:

Traceback (most recent call last):
  File "/home/airflow/.local/lib/python3.9/site-packages/requests/adapters.py", line 486, in send
    resp = conn.urlopen(
  File "/home/airflow/.local/lib/python3.9/site-packages/urllib3/connectionpool.py", line 799, in urlopen
    retries = retries.increment(
  File "/home/airflow/.local/lib/python3.9/site-packages/urllib3/util/retry.py", line 592, in increment
    raise MaxRetryError(_pool, url, error or ResponseError(cause))
urllib3.exceptions.MaxRetryError: HTTPConnectionPool(host='dremio', port=9047): Max retries exceeded with url: /apiv2/login (Caused by NewConnectionError('<urllib3.connection.HTTPConnection object at 0x73da65401550>: Failed to establish a new connection: [Errno 111] Connection refused'))

During handling of the above exception, another exception occurred:

Traceback (most recent call last):
  File "/opt/airflow/dags/spark_read_mongo_dag.py", line 316, in create_dremio_iceberg_source
    r = requests.post(url, json=payload, headers=dremio_headers(), timeout=30)
  File "/opt/airflow/dags/spark_read_mongo_dag.py", line 213, in dremio_headers
    token = dremio_login_token()
  File "/opt/airflow/dags/spark_read_mongo_dag.py", line 207, in dremio_login_token
    r = requests.post(url, json=payload)
  File "/home/airflow/.local/lib/python3.9/site-packages/requests/api.py", line 115, in post
    return request("post", url, data=data, json=json, **kwargs)
  File "/home/airflow/.local/lib/python3.9/site-packages/requests/api.py", line 59, in request
    return session.request(method=method, url=url, **kwargs)
  File "/home/airflow/.local/lib/python3.9/site-packages/requests/sessions.py", line 589, in request
    resp = self.send(prep, **send_kwargs)
  File "/home/airflow/.local/lib/python3.9/site-packages/requests/sessions.py", line 703, in send
    r = adapter.send(request, **kwargs)
  File "/home/airflow/.local/lib/python3.9/site-packages/requests/adapters.py", line 519, in send
    raise ConnectionError(e, request=request)
requests.exceptions.ConnectionError: HTTPConnectionPool(host='dremio', port=9047): Max retries exceeded with url: /apiv2/login (Caused by NewConnectionError('<urllib3.connection.HTTPConnection object at 0x73da65401550>: Failed to establish a new connection: [Errno 111] Connection refused'))
[2025-12-05T11:08:42.481+0000] {spark_read_mongo_dag.py:314} INFO - Attempting to create Dremio source 'iceberg' with nessieUri=http://nessie:19120/config
[2025-12-05T11:08:42.495+0000] {spark_read_mongo_dag.py:318} ERROR - HTTP exception while POSTing to Dremio for candidate http://nessie:19120/config: HTTPConnectionPool(host='dremio', port=9047): Max retries exceeded with url: /apiv2/login (Caused by NewConnectionError('<urllib3.connection.HTTPConnection object at 0x73da65401c70>: Failed to establish a new connection: [Errno 111] Connection refused'))
Traceback (most recent call last):
  File "/home/airflow/.local/lib/python3.9/site-packages/urllib3/connection.py", line 174, in _new_conn
    conn = connection.create_connection(
  File "/home/airflow/.local/lib/python3.9/site-packages/urllib3/util/connection.py", line 95, in create_connection
    raise err
  File "/home/airflow/.local/lib/python3.9/site-packages/urllib3/util/connection.py", line 85, in create_connection
    sock.connect(sa)
ConnectionRefusedError: [Errno 111] Connection refused

During handling of the above exception, another exception occurred:

Traceback (most recent call last):
  File "/home/airflow/.local/lib/python3.9/site-packages/urllib3/connectionpool.py", line 715, in urlopen
    httplib_response = self._make_request(
  File "/home/airflow/.local/lib/python3.9/site-packages/urllib3/connectionpool.py", line 416, in _make_request
    conn.request(method, url, **httplib_request_kw)
  File "/home/airflow/.local/lib/python3.9/site-packages/urllib3/connection.py", line 244, in request
    super(HTTPConnection, self).request(method, url, body=body, headers=headers)
  File "/usr/local/lib/python3.9/http/client.py", line 1285, in request
    self._send_request(method, url, body, headers, encode_chunked)
  File "/usr/local/lib/python3.9/http/client.py", line 1331, in _send_request
    self.endheaders(body, encode_chunked=encode_chunked)
  File "/usr/local/lib/python3.9/http/client.py", line 1280, in endheaders
    self._send_output(message_body, encode_chunked=encode_chunked)
  File "/usr/local/lib/python3.9/http/client.py", line 1040, in _send_output
    self.send(msg)
  File "/usr/local/lib/python3.9/http/client.py", line 980, in send
    self.connect()
  File "/home/airflow/.local/lib/python3.9/site-packages/urllib3/connection.py", line 205, in connect
    conn = self._new_conn()
  File "/home/airflow/.local/lib/python3.9/site-packages/urllib3/connection.py", line 186, in _new_conn
    raise NewConnectionError(
urllib3.exceptions.NewConnectionError: <urllib3.connection.HTTPConnection object at 0x73da65401c70>: Failed to establish a new connection: [Errno 111] Connection refused

During handling of the above exception, another exception occurred:

Traceback (most recent call last):
  File "/home/airflow/.local/lib/python3.9/site-packages/requests/adapters.py", line 486, in send
    resp = conn.urlopen(
  File "/home/airflow/.local/lib/python3.9/site-packages/urllib3/connectionpool.py", line 799, in urlopen
    retries = retries.increment(
  File "/home/airflow/.local/lib/python3.9/site-packages/urllib3/util/retry.py", line 592, in increment
    raise MaxRetryError(_pool, url, error or ResponseError(cause))
urllib3.exceptions.MaxRetryError: HTTPConnectionPool(host='dremio', port=9047): Max retries exceeded with url: /apiv2/login (Caused by NewConnectionError('<urllib3.connection.HTTPConnection object at 0x73da65401c70>: Failed to establish a new connection: [Errno 111] Connection refused'))

During handling of the above exception, another exception occurred:

Traceback (most recent call last):
  File "/opt/airflow/dags/spark_read_mongo_dag.py", line 316, in create_dremio_iceberg_source
    r = requests.post(url, json=payload, headers=dremio_headers(), timeout=30)
  File "/opt/airflow/dags/spark_read_mongo_dag.py", line 213, in dremio_headers
    token = dremio_login_token()
  File "/opt/airflow/dags/spark_read_mongo_dag.py", line 207, in dremio_login_token
    r = requests.post(url, json=payload)
  File "/home/airflow/.local/lib/python3.9/site-packages/requests/api.py", line 115, in post
    return request("post", url, data=data, json=json, **kwargs)
  File "/home/airflow/.local/lib/python3.9/site-packages/requests/api.py", line 59, in request
    return session.request(method=method, url=url, **kwargs)
  File "/home/airflow/.local/lib/python3.9/site-packages/requests/sessions.py", line 589, in request
    resp = self.send(prep, **send_kwargs)
  File "/home/airflow/.local/lib/python3.9/site-packages/requests/sessions.py", line 703, in send
    r = adapter.send(request, **kwargs)
  File "/home/airflow/.local/lib/python3.9/site-packages/requests/adapters.py", line 519, in send
    raise ConnectionError(e, request=request)
requests.exceptions.ConnectionError: HTTPConnectionPool(host='dremio', port=9047): Max retries exceeded with url: /apiv2/login (Caused by NewConnectionError('<urllib3.connection.HTTPConnection object at 0x73da65401c70>: Failed to establish a new connection: [Errno 111] Connection refused'))
[2025-12-05T11:08:42.497+0000] {spark_read_mongo_dag.py:314} INFO - Attempting to create Dremio source 'iceberg' with nessieUri=http://nessie:19120/
[2025-12-05T11:08:42.499+0000] {spark_read_mongo_dag.py:318} ERROR - HTTP exception while POSTing to Dremio for candidate http://nessie:19120/: HTTPConnectionPool(host='dremio', port=9047): Max retries exceeded with url: /apiv2/login (Caused by NewConnectionError('<urllib3.connection.HTTPConnection object at 0x73da653af2e0>: Failed to establish a new connection: [Errno 111] Connection refused'))
Traceback (most recent call last):
  File "/home/airflow/.local/lib/python3.9/site-packages/urllib3/connection.py", line 174, in _new_conn
    conn = connection.create_connection(
  File "/home/airflow/.local/lib/python3.9/site-packages/urllib3/util/connection.py", line 95, in create_connection
    raise err
  File "/home/airflow/.local/lib/python3.9/site-packages/urllib3/util/connection.py", line 85, in create_connection
    sock.connect(sa)
ConnectionRefusedError: [Errno 111] Connection refused

During handling of the above exception, another exception occurred:

Traceback (most recent call last):
  File "/home/airflow/.local/lib/python3.9/site-packages/urllib3/connectionpool.py", line 715, in urlopen
    httplib_response = self._make_request(
  File "/home/airflow/.local/lib/python3.9/site-packages/urllib3/connectionpool.py", line 416, in _make_request
    conn.request(method, url, **httplib_request_kw)
  File "/home/airflow/.local/lib/python3.9/site-packages/urllib3/connection.py", line 244, in request
    super(HTTPConnection, self).request(method, url, body=body, headers=headers)
  File "/usr/local/lib/python3.9/http/client.py", line 1285, in request
    self._send_request(method, url, body, headers, encode_chunked)
  File "/usr/local/lib/python3.9/http/client.py", line 1331, in _send_request
    self.endheaders(body, encode_chunked=encode_chunked)
  File "/usr/local/lib/python3.9/http/client.py", line 1280, in endheaders
    self._send_output(message_body, encode_chunked=encode_chunked)
  File "/usr/local/lib/python3.9/http/client.py", line 1040, in _send_output
    self.send(msg)
  File "/usr/local/lib/python3.9/http/client.py", line 980, in send
    self.connect()
  File "/home/airflow/.local/lib/python3.9/site-packages/urllib3/connection.py", line 205, in connect
    conn = self._new_conn()
  File "/home/airflow/.local/lib/python3.9/site-packages/urllib3/connection.py", line 186, in _new_conn
    raise NewConnectionError(
urllib3.exceptions.NewConnectionError: <urllib3.connection.HTTPConnection object at 0x73da653af2e0>: Failed to establish a new connection: [Errno 111] Connection refused

During handling of the above exception, another exception occurred:

Traceback (most recent call last):
  File "/home/airflow/.local/lib/python3.9/site-packages/requests/adapters.py", line 486, in send
    resp = conn.urlopen(
  File "/home/airflow/.local/lib/python3.9/site-packages/urllib3/connectionpool.py", line 799, in urlopen
    retries = retries.increment(
  File "/home/airflow/.local/lib/python3.9/site-packages/urllib3/util/retry.py", line 592, in increment
    raise MaxRetryError(_pool, url, error or ResponseError(cause))
urllib3.exceptions.MaxRetryError: HTTPConnectionPool(host='dremio', port=9047): Max retries exceeded with url: /apiv2/login (Caused by NewConnectionError('<urllib3.connection.HTTPConnection object at 0x73da653af2e0>: Failed to establish a new connection: [Errno 111] Connection refused'))

During handling of the above exception, another exception occurred:

Traceback (most recent call last):
  File "/opt/airflow/dags/spark_read_mongo_dag.py", line 316, in create_dremio_iceberg_source
    r = requests.post(url, json=payload, headers=dremio_headers(), timeout=30)
  File "/opt/airflow/dags/spark_read_mongo_dag.py", line 213, in dremio_headers
    token = dremio_login_token()
  File "/opt/airflow/dags/spark_read_mongo_dag.py", line 207, in dremio_login_token
    r = requests.post(url, json=payload)
  File "/home/airflow/.local/lib/python3.9/site-packages/requests/api.py", line 115, in post
    return request("post", url, data=data, json=json, **kwargs)
  File "/home/airflow/.local/lib/python3.9/site-packages/requests/api.py", line 59, in request
    return session.request(method=method, url=url, **kwargs)
  File "/home/airflow/.local/lib/python3.9/site-packages/requests/sessions.py", line 589, in request
    resp = self.send(prep, **send_kwargs)
  File "/home/airflow/.local/lib/python3.9/site-packages/requests/sessions.py", line 703, in send
    r = adapter.send(request, **kwargs)
  File "/home/airflow/.local/lib/python3.9/site-packages/requests/adapters.py", line 519, in send
    raise ConnectionError(e, request=request)
requests.exceptions.ConnectionError: HTTPConnectionPool(host='dremio', port=9047): Max retries exceeded with url: /apiv2/login (Caused by NewConnectionError('<urllib3.connection.HTTPConnection object at 0x73da653af2e0>: Failed to establish a new connection: [Errno 111] Connection refused'))
[2025-12-05T11:08:42.502+0000] {spark_read_mongo_dag.py:314} INFO - Attempting to create Dremio source 'iceberg' with nessieUri=http://172.19.0.5:19120
[2025-12-05T11:08:42.511+0000] {spark_read_mongo_dag.py:318} ERROR - HTTP exception while POSTing to Dremio for candidate http://172.19.0.5:19120: HTTPConnectionPool(host='dremio', port=9047): Max retries exceeded with url: /apiv2/login (Caused by NewConnectionError('<urllib3.connection.HTTPConnection object at 0x73da653afbe0>: Failed to establish a new connection: [Errno 111] Connection refused'))
Traceback (most recent call last):
  File "/home/airflow/.local/lib/python3.9/site-packages/urllib3/connection.py", line 174, in _new_conn
    conn = connection.create_connection(
  File "/home/airflow/.local/lib/python3.9/site-packages/urllib3/util/connection.py", line 95, in create_connection
    raise err
  File "/home/airflow/.local/lib/python3.9/site-packages/urllib3/util/connection.py", line 85, in create_connection
    sock.connect(sa)
ConnectionRefusedError: [Errno 111] Connection refused

During handling of the above exception, another exception occurred:

Traceback (most recent call last):
  File "/home/airflow/.local/lib/python3.9/site-packages/urllib3/connectionpool.py", line 715, in urlopen
    httplib_response = self._make_request(
  File "/home/airflow/.local/lib/python3.9/site-packages/urllib3/connectionpool.py", line 416, in _make_request
    conn.request(method, url, **httplib_request_kw)
  File "/home/airflow/.local/lib/python3.9/site-packages/urllib3/connection.py", line 244, in request
    super(HTTPConnection, self).request(method, url, body=body, headers=headers)
  File "/usr/local/lib/python3.9/http/client.py", line 1285, in request
    self._send_request(method, url, body, headers, encode_chunked)
  File "/usr/local/lib/python3.9/http/client.py", line 1331, in _send_request
    self.endheaders(body, encode_chunked=encode_chunked)
  File "/usr/local/lib/python3.9/http/client.py", line 1280, in endheaders
    self._send_output(message_body, encode_chunked=encode_chunked)
  File "/usr/local/lib/python3.9/http/client.py", line 1040, in _send_output
    self.send(msg)
  File "/usr/local/lib/python3.9/http/client.py", line 980, in send
    self.connect()
  File "/home/airflow/.local/lib/python3.9/site-packages/urllib3/connection.py", line 205, in connect
    conn = self._new_conn()
  File "/home/airflow/.local/lib/python3.9/site-packages/urllib3/connection.py", line 186, in _new_conn
    raise NewConnectionError(
urllib3.exceptions.NewConnectionError: <urllib3.connection.HTTPConnection object at 0x73da653afbe0>: Failed to establish a new connection: [Errno 111] Connection refused

During handling of the above exception, another exception occurred:

Traceback (most recent call last):
  File "/home/airflow/.local/lib/python3.9/site-packages/requests/adapters.py", line 486, in send
    resp = conn.urlopen(
  File "/home/airflow/.local/lib/python3.9/site-packages/urllib3/connectionpool.py", line 799, in urlopen
    retries = retries.increment(
  File "/home/airflow/.local/lib/python3.9/site-packages/urllib3/util/retry.py", line 592, in increment
    raise MaxRetryError(_pool, url, error or ResponseError(cause))
urllib3.exceptions.MaxRetryError: HTTPConnectionPool(host='dremio', port=9047): Max retries exceeded with url: /apiv2/login (Caused by NewConnectionError('<urllib3.connection.HTTPConnection object at 0x73da653afbe0>: Failed to establish a new connection: [Errno 111] Connection refused'))

During handling of the above exception, another exception occurred:

Traceback (most recent call last):
  File "/opt/airflow/dags/spark_read_mongo_dag.py", line 316, in create_dremio_iceberg_source
    r = requests.post(url, json=payload, headers=dremio_headers(), timeout=30)
  File "/opt/airflow/dags/spark_read_mongo_dag.py", line 213, in dremio_headers
    token = dremio_login_token()
  File "/opt/airflow/dags/spark_read_mongo_dag.py", line 207, in dremio_login_token
    r = requests.post(url, json=payload)
  File "/home/airflow/.local/lib/python3.9/site-packages/requests/api.py", line 115, in post
    return request("post", url, data=data, json=json, **kwargs)
  File "/home/airflow/.local/lib/python3.9/site-packages/requests/api.py", line 59, in request
    return session.request(method=method, url=url, **kwargs)
  File "/home/airflow/.local/lib/python3.9/site-packages/requests/sessions.py", line 589, in request
    resp = self.send(prep, **send_kwargs)
  File "/home/airflow/.local/lib/python3.9/site-packages/requests/sessions.py", line 703, in send
    r = adapter.send(request, **kwargs)
  File "/home/airflow/.local/lib/python3.9/site-packages/requests/adapters.py", line 519, in send
    raise ConnectionError(e, request=request)
requests.exceptions.ConnectionError: HTTPConnectionPool(host='dremio', port=9047): Max retries exceeded with url: /apiv2/login (Caused by NewConnectionError('<urllib3.connection.HTTPConnection object at 0x73da653afbe0>: Failed to establish a new connection: [Errno 111] Connection refused'))
[2025-12-05T11:08:42.513+0000] {spark_read_mongo_dag.py:314} INFO - Attempting to create Dremio source 'iceberg' with nessieUri=http://172.19.0.5:19120/api/v2
[2025-12-05T11:08:42.517+0000] {spark_read_mongo_dag.py:318} ERROR - HTTP exception while POSTing to Dremio for candidate http://172.19.0.5:19120/api/v2: HTTPConnectionPool(host='dremio', port=9047): Max retries exceeded with url: /apiv2/login (Caused by NewConnectionError('<urllib3.connection.HTTPConnection object at 0x73da6533a5b0>: Failed to establish a new connection: [Errno 111] Connection refused'))
Traceback (most recent call last):
  File "/home/airflow/.local/lib/python3.9/site-packages/urllib3/connection.py", line 174, in _new_conn
    conn = connection.create_connection(
  File "/home/airflow/.local/lib/python3.9/site-packages/urllib3/util/connection.py", line 95, in create_connection
    raise err
  File "/home/airflow/.local/lib/python3.9/site-packages/urllib3/util/connection.py", line 85, in create_connection
    sock.connect(sa)
ConnectionRefusedError: [Errno 111] Connection refused

During handling of the above exception, another exception occurred:

Traceback (most recent call last):
  File "/home/airflow/.local/lib/python3.9/site-packages/urllib3/connectionpool.py", line 715, in urlopen
    httplib_response = self._make_request(
  File "/home/airflow/.local/lib/python3.9/site-packages/urllib3/connectionpool.py", line 416, in _make_request
    conn.request(method, url, **httplib_request_kw)
  File "/home/airflow/.local/lib/python3.9/site-packages/urllib3/connection.py", line 244, in request
    super(HTTPConnection, self).request(method, url, body=body, headers=headers)
  File "/usr/local/lib/python3.9/http/client.py", line 1285, in request
    self._send_request(method, url, body, headers, encode_chunked)
  File "/usr/local/lib/python3.9/http/client.py", line 1331, in _send_request
    self.endheaders(body, encode_chunked=encode_chunked)
  File "/usr/local/lib/python3.9/http/client.py", line 1280, in endheaders
    self._send_output(message_body, encode_chunked=encode_chunked)
  File "/usr/local/lib/python3.9/http/client.py", line 1040, in _send_output
    self.send(msg)
  File "/usr/local/lib/python3.9/http/client.py", line 980, in send
    self.connect()
  File "/home/airflow/.local/lib/python3.9/site-packages/urllib3/connection.py", line 205, in connect
    conn = self._new_conn()
  File "/home/airflow/.local/lib/python3.9/site-packages/urllib3/connection.py", line 186, in _new_conn
    raise NewConnectionError(
urllib3.exceptions.NewConnectionError: <urllib3.connection.HTTPConnection object at 0x73da6533a5b0>: Failed to establish a new connection: [Errno 111] Connection refused

During handling of the above exception, another exception occurred:

Traceback (most recent call last):
  File "/home/airflow/.local/lib/python3.9/site-packages/requests/adapters.py", line 486, in send
    resp = conn.urlopen(
  File "/home/airflow/.local/lib/python3.9/site-packages/urllib3/connectionpool.py", line 799, in urlopen
    retries = retries.increment(
  File "/home/airflow/.local/lib/python3.9/site-packages/urllib3/util/retry.py", line 592, in increment
    raise MaxRetryError(_pool, url, error or ResponseError(cause))
urllib3.exceptions.MaxRetryError: HTTPConnectionPool(host='dremio', port=9047): Max retries exceeded with url: /apiv2/login (Caused by NewConnectionError('<urllib3.connection.HTTPConnection object at 0x73da6533a5b0>: Failed to establish a new connection: [Errno 111] Connection refused'))

During handling of the above exception, another exception occurred:

Traceback (most recent call last):
  File "/opt/airflow/dags/spark_read_mongo_dag.py", line 316, in create_dremio_iceberg_source
    r = requests.post(url, json=payload, headers=dremio_headers(), timeout=30)
  File "/opt/airflow/dags/spark_read_mongo_dag.py", line 213, in dremio_headers
    token = dremio_login_token()
  File "/opt/airflow/dags/spark_read_mongo_dag.py", line 207, in dremio_login_token
    r = requests.post(url, json=payload)
  File "/home/airflow/.local/lib/python3.9/site-packages/requests/api.py", line 115, in post
    return request("post", url, data=data, json=json, **kwargs)
  File "/home/airflow/.local/lib/python3.9/site-packages/requests/api.py", line 59, in request
    return session.request(method=method, url=url, **kwargs)
  File "/home/airflow/.local/lib/python3.9/site-packages/requests/sessions.py", line 589, in request
    resp = self.send(prep, **send_kwargs)
  File "/home/airflow/.local/lib/python3.9/site-packages/requests/sessions.py", line 703, in send
    r = adapter.send(request, **kwargs)
  File "/home/airflow/.local/lib/python3.9/site-packages/requests/adapters.py", line 519, in send
    raise ConnectionError(e, request=request)
requests.exceptions.ConnectionError: HTTPConnectionPool(host='dremio', port=9047): Max retries exceeded with url: /apiv2/login (Caused by NewConnectionError('<urllib3.connection.HTTPConnection object at 0x73da6533a5b0>: Failed to establish a new connection: [Errno 111] Connection refused'))
[2025-12-05T11:08:42.520+0000] {spark_read_mongo_dag.py:344} ERROR - All nessieUri candidates failed. Diagnostics:
candidate=http://nessie:19120 status=exception body=HTTPConnectionPool(host='dremio', port=9047): Max retries exceeded with url: /apiv2/login (Caused by NewConnectionError('<urllib3.connection.HTTPConnection object at 0x73da654688e0>: Failed to establish a new connection: [Errno 111] Connection refused'))
candidate=http://nessie:19120/api/v2 status=exception body=HTTPConnectionPool(host='dremio', port=9047): Max retries exceeded with url: /apiv2/login (Caused by NewConnectionError('<urllib3.connection.HTTPConnection object at 0x73da65401610>: Failed to establish a new connection: [Errno 111] Connection refused'))
candidate=http://nessie:19120/api/v1 status=exception body=HTTPConnectionPool(host='dremio', port=9047): Max retries exceeded with url: /apiv2/login (Caused by NewConnectionError('<urllib3.connection.HTTPConnection object at 0x73da653fe3d0>: Failed to establish a new connection: [Errno 111] Connection refused'))
candidate=http://nessie:19120/tree/main status=exception body=HTTPConnectionPool(host='dremio', port=9047): Max retries exceeded with url: /apiv2/login (Caused by NewConnectionError('<urllib3.connection.HTTPConnection object at 0x73da653af0a0>: Failed to establish a new connection: [Errno 111] Connection refused'))
candidate=http://nessie:19120/trees/- status=exception body=HTTPConnectionPool(host='dremio', port=9047): Max retries exceeded with url: /apiv2/login (Caused by NewConnectionError('<urllib3.connection.HTTPConnection object at 0x73da65401550>: Failed to establish a new connection: [Errno 111] Connection refused'))
candidate=http://nessie:19120/config status=exception body=HTTPConnectionPool(host='dremio', port=9047): Max retries exceeded with url: /apiv2/login (Caused by NewConnectionError('<urllib3.connection.HTTPConnection object at 0x73da65401c70>: Failed to establish a new connection: [Errno 111] Connection refused'))
candidate=http://nessie:19120/ status=exception body=HTTPConnectionPool(host='dremio', port=9047): Max retries exceeded with url: /apiv2/login (Caused by NewConnectionError('<urllib3.connection.HTTPConnection object at 0x73da653af2e0>: Failed to establish a new connection: [Errno 111] Connection refused'))
candidate=http://172.19.0.5:19120 status=exception body=HTTPConnectionPool(host='dremio', port=9047): Max retries exceeded with url: /apiv2/login (Caused by NewConnectionError('<urllib3.connection.HTTPConnection object at 0x73da653afbe0>: Failed to establish a new connection: [Errno 111] Connection refused'))
candidate=http://172.19.0.5:19120/api/v2 status=exception body=HTTPConnectionPool(host='dremio', port=9047): Max retries exceeded with url: /apiv2/login (Caused by NewConnectionError('<urllib3.connection.HTTPConnection object at 0x73da6533a5b0>: Failed to establish a new connection: [Errno 111] Connection refused'))
[2025-12-05T11:08:42.520+0000] {taskinstance.py:441} INFO - ::group::Post task execution logs
[2025-12-05T11:08:42.521+0000] {taskinstance.py:2905} ERROR - Task failed with exception
Traceback (most recent call last):
  File "/home/airflow/.local/lib/python3.9/site-packages/airflow/models/taskinstance.py", line 465, in _execute_task
    result = _execute_callable(context=context, **execute_callable_kwargs)
  File "/home/airflow/.local/lib/python3.9/site-packages/airflow/models/taskinstance.py", line 432, in _execute_callable
    return execute_callable(context=context, **execute_callable_kwargs)
  File "/home/airflow/.local/lib/python3.9/site-packages/airflow/models/baseoperator.py", line 401, in wrapper
    return func(self, *args, **kwargs)
  File "/home/airflow/.local/lib/python3.9/site-packages/airflow/operators/python.py", line 235, in execute
    return_value = self.execute_callable()
  File "/home/airflow/.local/lib/python3.9/site-packages/airflow/operators/python.py", line 252, in execute_callable
    return self.python_callable(*self.op_args, **self.op_kwargs)
  File "/opt/airflow/dags/spark_read_mongo_dag.py", line 345, in create_dremio_iceberg_source
    raise RuntimeError(f"Failed to create Dremio Nessie source; checked candidates:\n{diag_text}")
RuntimeError: Failed to create Dremio Nessie source; checked candidates:
candidate=http://nessie:19120 status=exception body=HTTPConnectionPool(host='dremio', port=9047): Max retries exceeded with url: /apiv2/login (Caused by NewConnectionError('<urllib3.connection.HTTPConnection object at 0x73da654688e0>: Failed to establish a new connection: [Errno 111] Connection refused'))
candidate=http://nessie:19120/api/v2 status=exception body=HTTPConnectionPool(host='dremio', port=9047): Max retries exceeded with url: /apiv2/login (Caused by NewConnectionError('<urllib3.connection.HTTPConnection object at 0x73da65401610>: Failed to establish a new connection: [Errno 111] Connection refused'))
candidate=http://nessie:19120/api/v1 status=exception body=HTTPConnectionPool(host='dremio', port=9047): Max retries exceeded with url: /apiv2/login (Caused by NewConnectionError('<urllib3.connection.HTTPConnection object at 0x73da653fe3d0>: Failed to establish a new connection: [Errno 111] Connection refused'))
candidate=http://nessie:19120/tree/main status=exception body=HTTPConnectionPool(host='dremio', port=9047): Max retries exceeded with url: /apiv2/login (Caused by NewConnectionError('<urllib3.connection.HTTPConnection object at 0x73da653af0a0>: Failed to establish a new connection: [Errno 111] Connection refused'))
candidate=http://nessie:19120/trees/- status=exception body=HTTPConnectionPool(host='dremio', port=9047): Max retries exceeded with url: /apiv2/login (Caused by NewConnectionError('<urllib3.connection.HTTPConnection object at 0x73da65401550>: Failed to establish a new connection: [Errno 111] Connection refused'))
candidate=http://nessie:19120/config status=exception body=HTTPConnectionPool(host='dremio', port=9047): Max retries exceeded with url: /apiv2/login (Caused by NewConnectionError('<urllib3.connection.HTTPConnection object at 0x73da65401c70>: Failed to establish a new connection: [Errno 111] Connection refused'))
candidate=http://nessie:19120/ status=exception body=HTTPConnectionPool(host='dremio', port=9047): Max retries exceeded with url: /apiv2/login (Caused by NewConnectionError('<urllib3.connection.HTTPConnection object at 0x73da653af2e0>: Failed to establish a new connection: [Errno 111] Connection refused'))
candidate=http://172.19.0.5:19120 status=exception body=HTTPConnectionPool(host='dremio', port=9047): Max retries exceeded with url: /apiv2/login (Caused by NewConnectionError('<urllib3.connection.HTTPConnection object at 0x73da653afbe0>: Failed to establish a new connection: [Errno 111] Connection refused'))
candidate=http://172.19.0.5:19120/api/v2 status=exception body=HTTPConnectionPool(host='dremio', port=9047): Max retries exceeded with url: /apiv2/login (Caused by NewConnectionError('<urllib3.connection.HTTPConnection object at 0x73da6533a5b0>: Failed to establish a new connection: [Errno 111] Connection refused'))
[2025-12-05T11:08:42.536+0000] {taskinstance.py:1206} INFO - Marking task as FAILED. dag_id=mongo_iceberg_dremio_dag, task_id=configure_dremio_source, run_id=manual__2025-12-05T11:08:08.520971+00:00, execution_date=20251205T110808, start_date=20251205T110841, end_date=20251205T110842
[2025-12-05T11:08:42.681+0000] {standard_task_runner.py:110} ERROR - Failed to execute job 9 for task configure_dremio_source (Failed to create Dremio Nessie source; checked candidates:
candidate=http://nessie:19120 status=exception body=HTTPConnectionPool(host='dremio', port=9047): Max retries exceeded with url: /apiv2/login (Caused by NewConnectionError('<urllib3.connection.HTTPConnection object at 0x73da654688e0>: Failed to establish a new connection: [Errno 111] Connection refused'))
candidate=http://nessie:19120/api/v2 status=exception body=HTTPConnectionPool(host='dremio', port=9047): Max retries exceeded with url: /apiv2/login (Caused by NewConnectionError('<urllib3.connection.HTTPConnection object at 0x73da65401610>: Failed to establish a new connection: [Errno 111] Connection refused'))
candidate=http://nessie:19120/api/v1 status=exception body=HTTPConnectionPool(host='dremio', port=9047): Max retries exceeded with url: /apiv2/login (Caused by NewConnectionError('<urllib3.connection.HTTPConnection object at 0x73da653fe3d0>: Failed to establish a new connection: [Errno 111] Connection refused'))
candidate=http://nessie:19120/tree/main status=exception body=HTTPConnectionPool(host='dremio', port=9047): Max retries exceeded with url: /apiv2/login (Caused by NewConnectionError('<urllib3.connection.HTTPConnection object at 0x73da653af0a0>: Failed to establish a new connection: [Errno 111] Connection refused'))
candidate=http://nessie:19120/trees/- status=exception body=HTTPConnectionPool(host='dremio', port=9047): Max retries exceeded with url: /apiv2/login (Caused by NewConnectionError('<urllib3.connection.HTTPConnection object at 0x73da65401550>: Failed to establish a new connection: [Errno 111] Connection refused'))
candidate=http://nessie:19120/config status=exception body=HTTPConnectionPool(host='dremio', port=9047): Max retries exceeded with url: /apiv2/login (Caused by NewConnectionError('<urllib3.connection.HTTPConnection object at 0x73da65401c70>: Failed to establish a new connection: [Errno 111] Connection refused'))
candidate=http://nessie:19120/ status=exception body=HTTPConnectionPool(host='dremio', port=9047): Max retries exceeded with url: /apiv2/login (Caused by NewConnectionError('<urllib3.connection.HTTPConnection object at 0x73da653af2e0>: Failed to establish a new connection: [Errno 111] Connection refused'))
candidate=http://172.19.0.5:19120 status=exception body=HTTPConnectionPool(host='dremio', port=9047): Max retries exceeded with url: /apiv2/login (Caused by NewConnectionError('<urllib3.connection.HTTPConnection object at 0x73da653afbe0>: Failed to establish a new connection: [Errno 111] Connection refused'))
candidate=http://172.19.0.5:19120/api/v2 status=exception body=HTTPConnectionPool(host='dremio', port=9047): Max retries exceeded with url: /apiv2/login (Caused by NewConnectionError('<urllib3.connection.HTTPConnection object at 0x73da6533a5b0>: Failed to establish a new connection: [Errno 111] Connection refused')); 2985)
[2025-12-05T11:08:42.729+0000] {local_task_job_runner.py:240} INFO - Task exited with return code 1
[2025-12-05T11:08:42.770+0000] {taskinstance.py:3503} INFO - 0 downstream tasks scheduled from follow-on schedule check
[2025-12-05T11:08:42.829+0000] {local_task_job_runner.py:222} INFO - ::endgroup::
